STAGE imports; elapsed=1.6s
/mnt/f/AIRI_task/third_party/DiffusionAsShader-Wanfun/videox_fun/models/wan_transformer3d.py:250: FutureWarning: `torch.cuda.amp.autocast(args...)` is deprecated. Please use `torch.amp.autocast('cuda', args...)` instead.
  @amp.autocast(enabled=False)
/mnt/f/AIRI_task/third_party/DiffusionAsShader-Wanfun/videox_fun/models/wan_transformer3d.py:261: FutureWarning: `torch.cuda.amp.autocast(args...)` is deprecated. Please use `torch.amp.autocast('cuda', args...)` instead.
  @amp.autocast(enabled=False)
/mnt/f/AIRI_task/third_party/DiffusionAsShader-Wanfun/videox_fun/models/wan_transformer3d.py:338: FutureWarning: `torch.cuda.amp.autocast(args...)` is deprecated. Please use `torch.amp.autocast('cuda', args...)` instead.
  @amp.autocast(enabled=False)
STAGE official_inference; elapsed=36.1s
STAGE load_transformer; elapsed=36.5s
loaded 3D transformer's pretrained weights from /mnt/f/AIRI_task/models/Wan2.1-Fun-V1.1-1.3B-Control/./ ...
STAGE load_vae; elapsed=36.8s
### missing keys: 0; 
### unexpected keys: 0;
[] []
STAGE load_text_encoder; elapsed=40.0s
STAGE load_clip_image_encoder; elapsed=88.5s
### missing keys: 0; 
### unexpected keys: 0;
[] []
/mnt/f/AIRI_task/third_party/DiffusionAsShader-Wanfun/videox_fun/pipeline/pipeline_wan_fun_control.py:184: FutureWarning: Accessing config attribute `spacial_compression_ratio` directly via 'AutoencoderKLWan' object attribute is deprecated. Please access 'spacial_compression_ratio' over 'AutoencoderKLWan's config object instead, e.g. 'unet.config.spacial_compression_ratio'.
  self.video_processor = VideoProcessor(vae_scale_factor=self.vae.spacial_compression_ratio)
/mnt/f/AIRI_task/third_party/DiffusionAsShader-Wanfun/videox_fun/pipeline/pipeline_wan_fun_control.py:185: FutureWarning: Accessing config attribute `spacial_compression_ratio` directly via 'AutoencoderKLWan' object attribute is deprecated. Please access 'spacial_compression_ratio' over 'AutoencoderKLWan's config object instead, e.g. 'unet.config.spacial_compression_ratio'.
  self.image_processor = VaeImageProcessor(vae_scale_factor=self.vae.spacial_compression_ratio)
/mnt/f/AIRI_task/third_party/DiffusionAsShader-Wanfun/videox_fun/pipeline/pipeline_wan_fun_control.py:187: FutureWarning: Accessing config attribute `spacial_compression_ratio` directly via 'AutoencoderKLWan' object attribute is deprecated. Please access 'spacial_compression_ratio' over 'AutoencoderKLWan's config object instead, e.g. 'unet.config.spacial_compression_ratio'.
  vae_scale_factor=self.vae.spacial_compression_ratio, do_normalize=False, do_binarize=True, do_convert_grayscale=True
Enable TeaCache with threshold 0.1 and skip the first 5 steps.
STAGE pipeline_encode_and_denoise; elapsed=118.6s
/mnt/f/AIRI_task/third_party/DiffusionAsShader-Wanfun/videox_fun/pipeline/pipeline_wan_fun_control.py:327: FutureWarning: Accessing config attribute `temporal_compression_ratio` directly via 'AutoencoderKLWan' object attribute is deprecated. Please access 'temporal_compression_ratio' over 'AutoencoderKLWan's config object instead, e.g. 'unet.config.temporal_compression_ratio'.
  (num_frames - 1) // self.vae.temporal_compression_ratio + 1,
/mnt/f/AIRI_task/third_party/DiffusionAsShader-Wanfun/videox_fun/pipeline/pipeline_wan_fun_control.py:328: FutureWarning: Accessing config attribute `spacial_compression_ratio` directly via 'AutoencoderKLWan' object attribute is deprecated. Please access 'spacial_compression_ratio' over 'AutoencoderKLWan's config object instead, e.g. 'unet.config.spacial_compression_ratio'.
  height // self.vae.spacial_compression_ratio,
/mnt/f/AIRI_task/third_party/DiffusionAsShader-Wanfun/videox_fun/pipeline/pipeline_wan_fun_control.py:329: FutureWarning: Accessing config attribute `spacial_compression_ratio` directly via 'AutoencoderKLWan' object attribute is deprecated. Please access 'spacial_compression_ratio' over 'AutoencoderKLWan's config object instead, e.g. 'unet.config.spacial_compression_ratio'.
  width // self.vae.spacial_compression_ratio,
STAGE vae_encode; elapsed=129.1s
STAGE pipeline; elapsed=150.1s
STAGE vae_encode; elapsed=150.2s
STAGE pipeline; elapsed=150.7s
/mnt/f/AIRI_task/third_party/DiffusionAsShader-Wanfun/videox_fun/models/wan_image_encoder.py:526: FutureWarning: `torch.cuda.amp.autocast(args...)` is deprecated. Please use `torch.amp.autocast('cuda', args...)` instead.
  with torch.cuda.amp.autocast(dtype=self.dtype):
STAGE vae_encode; elapsed=151.1s
STAGE pipeline; elapsed=151.6s
/mnt/f/AIRI_task/third_party/DiffusionAsShader-Wanfun/videox_fun/pipeline/pipeline_wan_fun_control.py:710: FutureWarning: Accessing config attribute `latent_channels` directly via 'AutoencoderKLWan' object attribute is deprecated. Please access 'latent_channels' over 'AutoencoderKLWan's config object instead, e.g. 'unet.config.latent_channels'.
  target_shape = (self.vae.latent_channels, (num_frames - 1) // self.vae.temporal_compression_ratio + 1, width // self.vae.spacial_compression_ratio, height // self.vae.spacial_compression_ratio)
/mnt/f/AIRI_task/third_party/DiffusionAsShader-Wanfun/videox_fun/pipeline/pipeline_wan_fun_control.py:710: FutureWarning: Accessing config attribute `temporal_compression_ratio` directly via 'AutoencoderKLWan' object attribute is deprecated. Please access 'temporal_compression_ratio' over 'AutoencoderKLWan's config object instead, e.g. 'unet.config.temporal_compression_ratio'.
  target_shape = (self.vae.latent_channels, (num_frames - 1) // self.vae.temporal_compression_ratio + 1, width // self.vae.spacial_compression_ratio, height // self.vae.spacial_compression_ratio)
/mnt/f/AIRI_task/third_party/DiffusionAsShader-Wanfun/videox_fun/pipeline/pipeline_wan_fun_control.py:710: FutureWarning: Accessing config attribute `spacial_compression_ratio` directly via 'AutoencoderKLWan' object attribute is deprecated. Please access 'spacial_compression_ratio' over 'AutoencoderKLWan's config object instead, e.g. 'unet.config.spacial_compression_ratio'.
  target_shape = (self.vae.latent_channels, (num_frames - 1) // self.vae.temporal_compression_ratio + 1, width // self.vae.spacial_compression_ratio, height // self.vae.spacial_compression_ratio)
  0%|          | 0/25 [00:00<?, ?it/s]/mnt/f/AIRI_task/third_party/DiffusionAsShader-Wanfun/videox_fun/pipeline/pipeline_wan_fun_control.py:761: FutureWarning: `torch.cuda.amp.autocast(args...)` is deprecated. Please use `torch.amp.autocast('cuda', args...)` instead.
  with torch.cuda.amp.autocast(dtype=weight_dtype), torch.cuda.device(device=device):
STAGE denoise; elapsed=151.6s
/mnt/f/AIRI_task/third_party/DiffusionAsShader-Wanfun/videox_fun/models/wan_transformer3d.py:953: FutureWarning: `torch.cuda.amp.autocast(args...)` is deprecated. Please use `torch.amp.autocast('cuda', args...)` instead.
  with amp.autocast(dtype=torch.float32):
/mnt/f/AIRI_task/third_party/DiffusionAsShader-Wanfun/videox_fun/models/wan_transformer3d.py:221: UserWarning: Padding mask is disabled when using scaled_dot_product_attention. It can have a significant impact on performance.
  warnings.warn(
  4%|4         | 1/25 [00:22<08:53, 22.21s/it]STAGE denoise; elapsed=173.9s
  8%|8         | 2/25 [00:30<05:26, 14.20s/it]STAGE denoise; elapsed=182.4s
 12%|#2        | 3/25 [00:38<04:05, 11.15s/it]STAGE denoise; elapsed=190.0s
 16%|#6        | 4/25 [00:46<03:29,  9.95s/it]STAGE denoise; elapsed=198.1s
 20%|##        | 5/25 [00:54<03:01,  9.10s/it]STAGE denoise; elapsed=205.7s
STAGE denoise; elapsed=205.8s
 28%|##8       | 7/25 [01:02<01:58,  6.57s/it]STAGE denoise; elapsed=213.9s
STAGE denoise; elapsed=213.9s
 36%|###6      | 9/25 [01:09<01:26,  5.42s/it]STAGE denoise; elapsed=221.5s
STAGE denoise; elapsed=221.6s
 44%|####4     | 11/25 [01:18<01:08,  4.91s/it]STAGE denoise; elapsed=229.7s
STAGE denoise; elapsed=229.8s
 52%|#####2    | 13/25 [01:25<00:54,  4.52s/it]STAGE denoise; elapsed=237.3s
STAGE denoise; elapsed=237.4s
 60%|######    | 15/25 [01:33<00:43,  4.37s/it]STAGE denoise; elapsed=245.4s
STAGE denoise; elapsed=245.4s
 68%|######8   | 17/25 [01:41<00:33,  4.17s/it]STAGE denoise; elapsed=252.9s
STAGE denoise; elapsed=253.0s
 76%|#######6  | 19/25 [01:49<00:24,  4.15s/it]STAGE denoise; elapsed=261.1s
STAGE denoise; elapsed=261.2s
 84%|########4 | 21/25 [01:57<00:16,  4.04s/it]STAGE denoise; elapsed=268.7s
STAGE denoise; elapsed=268.8s
 92%|#########2| 23/25 [02:05<00:08,  4.06s/it]STAGE denoise; elapsed=276.9s
 96%|#########6| 24/25 [02:12<00:04,  4.68s/it]STAGE denoise; elapsed=284.4s
100%|##########| 25/25 [02:12<00:00,  5.31s/it]
STAGE save_generated_latents; elapsed=284.5s
STAGE vae_decode; elapsed=284.5s
STAGE complete; elapsed=347.2s
