STAGE imports; elapsed=3.5s
/mnt/f/AIRI_task/third_party/DiffusionAsShader-Wanfun/videox_fun/models/wan_transformer3d.py:250: FutureWarning: `torch.cuda.amp.autocast(args...)` is deprecated. Please use `torch.amp.autocast('cuda', args...)` instead.
  @amp.autocast(enabled=False)
/mnt/f/AIRI_task/third_party/DiffusionAsShader-Wanfun/videox_fun/models/wan_transformer3d.py:261: FutureWarning: `torch.cuda.amp.autocast(args...)` is deprecated. Please use `torch.amp.autocast('cuda', args...)` instead.
  @amp.autocast(enabled=False)
/mnt/f/AIRI_task/third_party/DiffusionAsShader-Wanfun/videox_fun/models/wan_transformer3d.py:338: FutureWarning: `torch.cuda.amp.autocast(args...)` is deprecated. Please use `torch.amp.autocast('cuda', args...)` instead.
  @amp.autocast(enabled=False)
STAGE official_inference; elapsed=69.0s
STAGE load_transformer; elapsed=69.7s
loaded 3D transformer's pretrained weights from /mnt/f/AIRI_task/models/Wan2.1-Fun-V1.1-1.3B-Control/./ ...
STAGE load_vae; elapsed=70.2s
### missing keys: 0; 
### unexpected keys: 0;
[] []
STAGE load_text_encoder; elapsed=74.7s
STAGE imports; elapsed=2.0s
/mnt/f/AIRI_task/third_party/DiffusionAsShader-Wanfun/videox_fun/models/wan_transformer3d.py:250: FutureWarning: `torch.cuda.amp.autocast(args...)` is deprecated. Please use `torch.amp.autocast('cuda', args...)` instead.
  @amp.autocast(enabled=False)
/mnt/f/AIRI_task/third_party/DiffusionAsShader-Wanfun/videox_fun/models/wan_transformer3d.py:261: FutureWarning: `torch.cuda.amp.autocast(args...)` is deprecated. Please use `torch.amp.autocast('cuda', args...)` instead.
  @amp.autocast(enabled=False)
/mnt/f/AIRI_task/third_party/DiffusionAsShader-Wanfun/videox_fun/models/wan_transformer3d.py:338: FutureWarning: `torch.cuda.amp.autocast(args...)` is deprecated. Please use `torch.amp.autocast('cuda', args...)` instead.
  @amp.autocast(enabled=False)
STAGE official_inference; elapsed=40.0s
STAGE load_transformer; elapsed=40.4s
loaded 3D transformer's pretrained weights from /mnt/f/AIRI_task/models/Wan2.1-Fun-V1.1-1.3B-Control/./ ...
STAGE load_vae; elapsed=40.9s
### missing keys: 0; 
### unexpected keys: 0;
[] []
STAGE load_text_encoder; elapsed=44.1s
STAGE load_clip_image_encoder; elapsed=95.0s
### missing keys: 0; 
### unexpected keys: 0;
[] []
/mnt/f/AIRI_task/third_party/DiffusionAsShader-Wanfun/videox_fun/pipeline/pipeline_wan_fun_control.py:184: FutureWarning: Accessing config attribute `spacial_compression_ratio` directly via 'AutoencoderKLWan' object attribute is deprecated. Please access 'spacial_compression_ratio' over 'AutoencoderKLWan's config object instead, e.g. 'unet.config.spacial_compression_ratio'.
  self.video_processor = VideoProcessor(vae_scale_factor=self.vae.spacial_compression_ratio)
/mnt/f/AIRI_task/third_party/DiffusionAsShader-Wanfun/videox_fun/pipeline/pipeline_wan_fun_control.py:185: FutureWarning: Accessing config attribute `spacial_compression_ratio` directly via 'AutoencoderKLWan' object attribute is deprecated. Please access 'spacial_compression_ratio' over 'AutoencoderKLWan's config object instead, e.g. 'unet.config.spacial_compression_ratio'.
  self.image_processor = VaeImageProcessor(vae_scale_factor=self.vae.spacial_compression_ratio)
/mnt/f/AIRI_task/third_party/DiffusionAsShader-Wanfun/videox_fun/pipeline/pipeline_wan_fun_control.py:187: FutureWarning: Accessing config attribute `spacial_compression_ratio` directly via 'AutoencoderKLWan' object attribute is deprecated. Please access 'spacial_compression_ratio' over 'AutoencoderKLWan's config object instead, e.g. 'unet.config.spacial_compression_ratio'.
  vae_scale_factor=self.vae.spacial_compression_ratio, do_normalize=False, do_binarize=True, do_convert_grayscale=True
Enable TeaCache with threshold 0.1 and skip the first 5 steps.
STAGE pipeline_encode_and_denoise; elapsed=123.3s
/mnt/f/AIRI_task/third_party/DiffusionAsShader-Wanfun/videox_fun/pipeline/pipeline_wan_fun_control.py:327: FutureWarning: Accessing config attribute `temporal_compression_ratio` directly via 'AutoencoderKLWan' object attribute is deprecated. Please access 'temporal_compression_ratio' over 'AutoencoderKLWan's config object instead, e.g. 'unet.config.temporal_compression_ratio'.
  (num_frames - 1) // self.vae.temporal_compression_ratio + 1,
/mnt/f/AIRI_task/third_party/DiffusionAsShader-Wanfun/videox_fun/pipeline/pipeline_wan_fun_control.py:328: FutureWarning: Accessing config attribute `spacial_compression_ratio` directly via 'AutoencoderKLWan' object attribute is deprecated. Please access 'spacial_compression_ratio' over 'AutoencoderKLWan's config object instead, e.g. 'unet.config.spacial_compression_ratio'.
  height // self.vae.spacial_compression_ratio,
/mnt/f/AIRI_task/third_party/DiffusionAsShader-Wanfun/videox_fun/pipeline/pipeline_wan_fun_control.py:329: FutureWarning: Accessing config attribute `spacial_compression_ratio` directly via 'AutoencoderKLWan' object attribute is deprecated. Please access 'spacial_compression_ratio' over 'AutoencoderKLWan's config object instead, e.g. 'unet.config.spacial_compression_ratio'.
  width // self.vae.spacial_compression_ratio,
STAGE vae_encode; elapsed=127.8s
STAGE pipeline; elapsed=149.4s
STAGE vae_encode; elapsed=149.4s
STAGE pipeline; elapsed=150.0s
/mnt/f/AIRI_task/third_party/DiffusionAsShader-Wanfun/videox_fun/models/wan_image_encoder.py:526: FutureWarning: `torch.cuda.amp.autocast(args...)` is deprecated. Please use `torch.amp.autocast('cuda', args...)` instead.
  with torch.cuda.amp.autocast(dtype=self.dtype):
STAGE vae_encode; elapsed=150.5s
STAGE pipeline; elapsed=151.0s
/mnt/f/AIRI_task/third_party/DiffusionAsShader-Wanfun/videox_fun/pipeline/pipeline_wan_fun_control.py:710: FutureWarning: Accessing config attribute `latent_channels` directly via 'AutoencoderKLWan' object attribute is deprecated. Please access 'latent_channels' over 'AutoencoderKLWan's config object instead, e.g. 'unet.config.latent_channels'.
  target_shape = (self.vae.latent_channels, (num_frames - 1) // self.vae.temporal_compression_ratio + 1, width // self.vae.spacial_compression_ratio, height // self.vae.spacial_compression_ratio)
/mnt/f/AIRI_task/third_party/DiffusionAsShader-Wanfun/videox_fun/pipeline/pipeline_wan_fun_control.py:710: FutureWarning: Accessing config attribute `temporal_compression_ratio` directly via 'AutoencoderKLWan' object attribute is deprecated. Please access 'temporal_compression_ratio' over 'AutoencoderKLWan's config object instead, e.g. 'unet.config.temporal_compression_ratio'.
  target_shape = (self.vae.latent_channels, (num_frames - 1) // self.vae.temporal_compression_ratio + 1, width // self.vae.spacial_compression_ratio, height // self.vae.spacial_compression_ratio)
/mnt/f/AIRI_task/third_party/DiffusionAsShader-Wanfun/videox_fun/pipeline/pipeline_wan_fun_control.py:710: FutureWarning: Accessing config attribute `spacial_compression_ratio` directly via 'AutoencoderKLWan' object attribute is deprecated. Please access 'spacial_compression_ratio' over 'AutoencoderKLWan's config object instead, e.g. 'unet.config.spacial_compression_ratio'.
  target_shape = (self.vae.latent_channels, (num_frames - 1) // self.vae.temporal_compression_ratio + 1, width // self.vae.spacial_compression_ratio, height // self.vae.spacial_compression_ratio)
  0%|          | 0/25 [00:00<?, ?it/s]/mnt/f/AIRI_task/third_party/DiffusionAsShader-Wanfun/videox_fun/pipeline/pipeline_wan_fun_control.py:761: FutureWarning: `torch.cuda.amp.autocast(args...)` is deprecated. Please use `torch.amp.autocast('cuda', args...)` instead.
  with torch.cuda.amp.autocast(dtype=weight_dtype), torch.cuda.device(device=device):
STAGE denoise; elapsed=151.0s
/mnt/f/AIRI_task/third_party/DiffusionAsShader-Wanfun/videox_fun/models/wan_transformer3d.py:953: FutureWarning: `torch.cuda.amp.autocast(args...)` is deprecated. Please use `torch.amp.autocast('cuda', args...)` instead.
  with amp.autocast(dtype=torch.float32):
/mnt/f/AIRI_task/third_party/DiffusionAsShader-Wanfun/videox_fun/models/wan_transformer3d.py:221: UserWarning: Padding mask is disabled when using scaled_dot_product_attention. It can have a significant impact on performance.
  warnings.warn(
  4%|4         | 1/25 [00:24<09:42, 24.28s/it]STAGE denoise; elapsed=175.3s
  8%|8         | 2/25 [00:32<05:46, 15.06s/it]STAGE denoise; elapsed=183.9s
 12%|#2        | 3/25 [00:40<04:16, 11.67s/it]STAGE denoise; elapsed=191.6s
 16%|#6        | 4/25 [00:48<03:36, 10.31s/it]STAGE denoise; elapsed=199.8s
 20%|##        | 5/25 [00:56<03:06,  9.31s/it]STAGE denoise; elapsed=207.3s
 24%|##4       | 6/25 [00:56<01:57,  6.18s/it]STAGE denoise; elapsed=207.4s
 28%|##8       | 7/25 [01:04<02:02,  6.82s/it]STAGE denoise; elapsed=215.6s
STAGE denoise; elapsed=215.6s
 36%|###6      | 9/25 [01:12<01:25,  5.36s/it]STAGE denoise; elapsed=223.1s
STAGE denoise; elapsed=223.2s
 44%|####4     | 11/25 [01:20<01:07,  4.84s/it]STAGE denoise; elapsed=231.3s
STAGE denoise; elapsed=231.4s
 52%|#####2    | 13/25 [01:27<00:53,  4.45s/it]STAGE denoise; elapsed=238.9s
STAGE denoise; elapsed=239.0s
 60%|######    | 15/25 [01:36<00:43,  4.33s/it]STAGE denoise; elapsed=247.1s
STAGE denoise; elapsed=247.2s
 68%|######8   | 17/25 [01:43<00:33,  4.16s/it]STAGE denoise; elapsed=254.7s
STAGE denoise; elapsed=254.8s
 76%|#######6  | 19/25 [01:51<00:24,  4.13s/it]STAGE denoise; elapsed=262.9s
STAGE denoise; elapsed=262.9s
 84%|########4 | 21/25 [01:59<00:16,  4.03s/it]STAGE denoise; elapsed=270.5s
STAGE denoise; elapsed=270.5s
 92%|#########2| 23/25 [02:07<00:08,  4.05s/it]STAGE denoise; elapsed=278.7s
 96%|#########6| 24/25 [02:15<00:04,  4.69s/it]STAGE denoise; elapsed=286.2s
100%|##########| 25/25 [02:15<00:00,  5.41s/it]
STAGE save_generated_latents; elapsed=286.3s
STAGE vae_decode; elapsed=286.3s
STAGE complete; elapsed=341.4s
