Traceback (most recent call last):
  File "/mnt/f/AIRI_task/das_wanfun_cup_20261003/scripts/das_generate.py", line 105, in main
    validation = json.loads((out/'control_validation.json').read_text())
                 ^^^^^^^^^^^^^^^^^^^^^^^^^^^^^^^^^^^^^^^^^^^^^^^^^^^^^^^
  File "/mnt/f/AIRI_task/.pythons/cpython-3.11.16-linux-x86_64-gnu/lib/python3.11/json/__init__.py", line 335, in loads
    raise JSONDecodeError("Unexpected UTF-8 BOM (decode using utf-8-sig)",
json.decoder.JSONDecodeError: Unexpected UTF-8 BOM (decode using utf-8-sig): line 1 column 1 (char 0)
Traceback (most recent call last):
  File "/mnt/f/AIRI_task/das_wanfun_cup_20261003/scripts/das_generate.py", line 197, in <module>
    if __name__=='__main__': main()
                             ^^^^^^
  File "/mnt/f/AIRI_task/das_wanfun_cup_20261003/scripts/das_generate.py", line 105, in main
    validation = json.loads((out/'control_validation.json').read_text())
                 ^^^^^^^^^^^^^^^^^^^^^^^^^^^^^^^^^^^^^^^^^^^^^^^^^^^^^^^
  File "/mnt/f/AIRI_task/.pythons/cpython-3.11.16-linux-x86_64-gnu/lib/python3.11/json/__init__.py", line 335, in loads
    raise JSONDecodeError("Unexpected UTF-8 BOM (decode using utf-8-sig)",
json.decoder.JSONDecodeError: Unexpected UTF-8 BOM (decode using utf-8-sig): line 1 column 1 (char 0)
STAGE imports; elapsed=2.9s
/mnt/f/AIRI_task/third_party/DiffusionAsShader-Wanfun/videox_fun/models/wan_transformer3d.py:250: FutureWarning: `torch.cuda.amp.autocast(args...)` is deprecated. Please use `torch.amp.autocast('cuda', args...)` instead.
  @amp.autocast(enabled=False)
/mnt/f/AIRI_task/third_party/DiffusionAsShader-Wanfun/videox_fun/models/wan_transformer3d.py:261: FutureWarning: `torch.cuda.amp.autocast(args...)` is deprecated. Please use `torch.amp.autocast('cuda', args...)` instead.
  @amp.autocast(enabled=False)
/mnt/f/AIRI_task/third_party/DiffusionAsShader-Wanfun/videox_fun/models/wan_transformer3d.py:338: FutureWarning: `torch.cuda.amp.autocast(args...)` is deprecated. Please use `torch.amp.autocast('cuda', args...)` instead.
  @amp.autocast(enabled=False)
STAGE official_inference; elapsed=46.9s
STAGE load_transformer; elapsed=47.2s
loaded 3D transformer's pretrained weights from /mnt/f/AIRI_task/models/Wan2.1-Fun-V1.1-1.3B-Control/./ ...
STAGE load_vae; elapsed=47.7s
### missing keys: 0; 
### unexpected keys: 0;
[] []
STAGE load_text_encoder; elapsed=50.9s
STAGE load_clip_image_encoder; elapsed=106.7s
### missing keys: 0; 
### unexpected keys: 0;
[] []
/mnt/f/AIRI_task/third_party/DiffusionAsShader-Wanfun/videox_fun/pipeline/pipeline_wan_fun_control.py:184: FutureWarning: Accessing config attribute `spacial_compression_ratio` directly via 'AutoencoderKLWan' object attribute is deprecated. Please access 'spacial_compression_ratio' over 'AutoencoderKLWan's config object instead, e.g. 'unet.config.spacial_compression_ratio'.
  self.video_processor = VideoProcessor(vae_scale_factor=self.vae.spacial_compression_ratio)
/mnt/f/AIRI_task/third_party/DiffusionAsShader-Wanfun/videox_fun/pipeline/pipeline_wan_fun_control.py:185: FutureWarning: Accessing config attribute `spacial_compression_ratio` directly via 'AutoencoderKLWan' object attribute is deprecated. Please access 'spacial_compression_ratio' over 'AutoencoderKLWan's config object instead, e.g. 'unet.config.spacial_compression_ratio'.
  self.image_processor = VaeImageProcessor(vae_scale_factor=self.vae.spacial_compression_ratio)
/mnt/f/AIRI_task/third_party/DiffusionAsShader-Wanfun/videox_fun/pipeline/pipeline_wan_fun_control.py:187: FutureWarning: Accessing config attribute `spacial_compression_ratio` directly via 'AutoencoderKLWan' object attribute is deprecated. Please access 'spacial_compression_ratio' over 'AutoencoderKLWan's config object instead, e.g. 'unet.config.spacial_compression_ratio'.
  vae_scale_factor=self.vae.spacial_compression_ratio, do_normalize=False, do_binarize=True, do_convert_grayscale=True
Enable TeaCache with threshold 0.1 and skip the first 5 steps.
STAGE pipeline_encode_and_denoise; elapsed=139.3s
/mnt/f/AIRI_task/third_party/DiffusionAsShader-Wanfun/videox_fun/pipeline/pipeline_wan_fun_control.py:327: FutureWarning: Accessing config attribute `temporal_compression_ratio` directly via 'AutoencoderKLWan' object attribute is deprecated. Please access 'temporal_compression_ratio' over 'AutoencoderKLWan's config object instead, e.g. 'unet.config.temporal_compression_ratio'.
  (num_frames - 1) // self.vae.temporal_compression_ratio + 1,
/mnt/f/AIRI_task/third_party/DiffusionAsShader-Wanfun/videox_fun/pipeline/pipeline_wan_fun_control.py:328: FutureWarning: Accessing config attribute `spacial_compression_ratio` directly via 'AutoencoderKLWan' object attribute is deprecated. Please access 'spacial_compression_ratio' over 'AutoencoderKLWan's config object instead, e.g. 'unet.config.spacial_compression_ratio'.
  height // self.vae.spacial_compression_ratio,
/mnt/f/AIRI_task/third_party/DiffusionAsShader-Wanfun/videox_fun/pipeline/pipeline_wan_fun_control.py:329: FutureWarning: Accessing config attribute `spacial_compression_ratio` directly via 'AutoencoderKLWan' object attribute is deprecated. Please access 'spacial_compression_ratio' over 'AutoencoderKLWan's config object instead, e.g. 'unet.config.spacial_compression_ratio'.
  width // self.vae.spacial_compression_ratio,
STAGE vae_encode; elapsed=146.9s
STAGE pipeline; elapsed=169.0s
STAGE vae_encode; elapsed=169.0s
STAGE pipeline; elapsed=169.6s
/mnt/f/AIRI_task/third_party/DiffusionAsShader-Wanfun/videox_fun/models/wan_image_encoder.py:526: FutureWarning: `torch.cuda.amp.autocast(args...)` is deprecated. Please use `torch.amp.autocast('cuda', args...)` instead.
  with torch.cuda.amp.autocast(dtype=self.dtype):
STAGE vae_encode; elapsed=170.0s
STAGE pipeline; elapsed=170.5s
/mnt/f/AIRI_task/third_party/DiffusionAsShader-Wanfun/videox_fun/pipeline/pipeline_wan_fun_control.py:710: FutureWarning: Accessing config attribute `latent_channels` directly via 'AutoencoderKLWan' object attribute is deprecated. Please access 'latent_channels' over 'AutoencoderKLWan's config object instead, e.g. 'unet.config.latent_channels'.
  target_shape = (self.vae.latent_channels, (num_frames - 1) // self.vae.temporal_compression_ratio + 1, width // self.vae.spacial_compression_ratio, height // self.vae.spacial_compression_ratio)
/mnt/f/AIRI_task/third_party/DiffusionAsShader-Wanfun/videox_fun/pipeline/pipeline_wan_fun_control.py:710: FutureWarning: Accessing config attribute `temporal_compression_ratio` directly via 'AutoencoderKLWan' object attribute is deprecated. Please access 'temporal_compression_ratio' over 'AutoencoderKLWan's config object instead, e.g. 'unet.config.temporal_compression_ratio'.
  target_shape = (self.vae.latent_channels, (num_frames - 1) // self.vae.temporal_compression_ratio + 1, width // self.vae.spacial_compression_ratio, height // self.vae.spacial_compression_ratio)
/mnt/f/AIRI_task/third_party/DiffusionAsShader-Wanfun/videox_fun/pipeline/pipeline_wan_fun_control.py:710: FutureWarning: Accessing config attribute `spacial_compression_ratio` directly via 'AutoencoderKLWan' object attribute is deprecated. Please access 'spacial_compression_ratio' over 'AutoencoderKLWan's config object instead, e.g. 'unet.config.spacial_compression_ratio'.
  target_shape = (self.vae.latent_channels, (num_frames - 1) // self.vae.temporal_compression_ratio + 1, width // self.vae.spacial_compression_ratio, height // self.vae.spacial_compression_ratio)
  0%|          | 0/25 [00:00<?, ?it/s]/mnt/f/AIRI_task/third_party/DiffusionAsShader-Wanfun/videox_fun/pipeline/pipeline_wan_fun_control.py:761: FutureWarning: `torch.cuda.amp.autocast(args...)` is deprecated. Please use `torch.amp.autocast('cuda', args...)` instead.
  with torch.cuda.amp.autocast(dtype=weight_dtype), torch.cuda.device(device=device):
STAGE denoise; elapsed=170.5s
/mnt/f/AIRI_task/third_party/DiffusionAsShader-Wanfun/videox_fun/models/wan_transformer3d.py:953: FutureWarning: `torch.cuda.amp.autocast(args...)` is deprecated. Please use `torch.amp.autocast('cuda', args...)` instead.
  with amp.autocast(dtype=torch.float32):
/mnt/f/AIRI_task/third_party/DiffusionAsShader-Wanfun/videox_fun/models/wan_transformer3d.py:221: UserWarning: Padding mask is disabled when using scaled_dot_product_attention. It can have a significant impact on performance.
  warnings.warn(
  4%|4         | 1/25 [00:25<10:10, 25.44s/it]STAGE denoise; elapsed=196.0s
  8%|8         | 2/25 [00:33<05:53, 15.37s/it]STAGE denoise; elapsed=204.3s
 12%|#2        | 3/25 [00:41<04:24, 12.04s/it]STAGE denoise; elapsed=212.4s
 16%|#6        | 4/25 [00:49<03:36, 10.29s/it]STAGE denoise; elapsed=220.0s
 20%|##        | 5/25 [00:57<03:09,  9.49s/it]STAGE denoise; elapsed=228.1s
STAGE denoise; elapsed=228.2s
 28%|##8       | 7/25 [01:05<02:02,  6.82s/it]STAGE denoise; elapsed=236.5s
STAGE denoise; elapsed=236.6s
 36%|###6      | 9/25 [01:13<01:28,  5.53s/it]STAGE denoise; elapsed=244.0s
STAGE denoise; elapsed=244.1s
 44%|####4     | 11/25 [01:21<01:10,  5.01s/it]STAGE denoise; elapsed=252.3s
STAGE denoise; elapsed=252.4s
 52%|#####2    | 13/25 [01:30<00:56,  4.73s/it]STAGE denoise; elapsed=260.7s
STAGE denoise; elapsed=260.8s
 60%|######    | 15/25 [01:37<00:44,  4.41s/it]STAGE denoise; elapsed=268.3s
STAGE denoise; elapsed=268.4s
 68%|######8   | 17/25 [01:45<00:34,  4.31s/it]STAGE denoise; elapsed=276.5s
STAGE denoise; elapsed=276.6s
 76%|#######6  | 19/25 [01:53<00:24,  4.16s/it]STAGE denoise; elapsed=284.1s
STAGE denoise; elapsed=284.2s
 84%|########4 | 21/25 [02:01<00:16,  4.14s/it]STAGE denoise; elapsed=292.3s
STAGE denoise; elapsed=292.4s
 92%|#########2| 23/25 [02:10<00:08,  4.17s/it]STAGE denoise; elapsed=300.8s
 96%|#########6| 24/25 [02:18<00:04,  4.88s/it]STAGE denoise; elapsed=308.9s
100%|##########| 25/25 [02:18<00:00,  5.54s/it]
STAGE save_generated_latents; elapsed=309.0s
STAGE vae_decode; elapsed=309.0s
STAGE complete; elapsed=374.5s
