Traceback (most recent call last):
  File "/mnt/f/AIRI_task/das_wanfun_cup_20261003/scripts/das_generate.py", line 92, in main
    'research_branch':subprocess.check_output(['git','-C',str(Path(__file__).resolve().parents[1]),'branch','--show-current'],text=True).strip(),
                      ^^^^^^^^^^^^^^^^^^^^^^^^^^^^^^^^^^^^^^^^^^^^^^^^^^^^^^^^^^^^^^^^^^^^^^^^^^^^^^^^^^^^^^^^^^^^^^^^^^^^^^^^^^^^^^^^^^
  File "/mnt/f/AIRI_task/.pythons/cpython-3.11.16-linux-x86_64-gnu/lib/python3.11/subprocess.py", line 466, in check_output
    return run(*popenargs, stdout=PIPE, timeout=timeout, check=True,
           ^^^^^^^^^^^^^^^^^^^^^^^^^^^^^^^^^^^^^^^^^^^^^^^^^^^^^^^^^
  File "/mnt/f/AIRI_task/.pythons/cpython-3.11.16-linux-x86_64-gnu/lib/python3.11/subprocess.py", line 571, in run
    raise CalledProcessError(retcode, process.args,
subprocess.CalledProcessError: Command '['git', '-C', '/mnt/f/AIRI_task/das_wanfun_cup_20261003', 'branch', '--show-current']' returned non-zero exit status 128.
Traceback (most recent call last):
  File "/mnt/f/AIRI_task/das_wanfun_cup_20261003/scripts/das_generate.py", line 171, in <module>
    if __name__=='__main__': main()
                             ^^^^^^
  File "/mnt/f/AIRI_task/das_wanfun_cup_20261003/scripts/das_generate.py", line 92, in main
    'research_branch':subprocess.check_output(['git','-C',str(Path(__file__).resolve().parents[1]),'branch','--show-current'],text=True).strip(),
                      ^^^^^^^^^^^^^^^^^^^^^^^^^^^^^^^^^^^^^^^^^^^^^^^^^^^^^^^^^^^^^^^^^^^^^^^^^^^^^^^^^^^^^^^^^^^^^^^^^^^^^^^^^^^^^^^^^^
  File "/mnt/f/AIRI_task/.pythons/cpython-3.11.16-linux-x86_64-gnu/lib/python3.11/subprocess.py", line 466, in check_output
    return run(*popenargs, stdout=PIPE, timeout=timeout, check=True,
           ^^^^^^^^^^^^^^^^^^^^^^^^^^^^^^^^^^^^^^^^^^^^^^^^^^^^^^^^^
  File "/mnt/f/AIRI_task/.pythons/cpython-3.11.16-linux-x86_64-gnu/lib/python3.11/subprocess.py", line 571, in run
    raise CalledProcessError(retcode, process.args,
subprocess.CalledProcessError: Command '['git', '-C', '/mnt/f/AIRI_task/das_wanfun_cup_20261003', 'branch', '--show-current']' returned non-zero exit status 128.
