/mnt/f/AIRI_task/.venv-vipe/lib/python3.11/site-packages/numpy/lib/_nanfunctions_impl.py:1997: RuntimeWarning: Degrees of freedom <= 0 for slice.
  var = nanvar(a, axis=axis, dtype=dtype, out=out, ddof=ddof,
wrist_2 geometry {'A_vipe_full': {'pairs': [{'i': 0, 'j': 1, 'count': 48, 'median_px': 0.9483904207722955, 'p90_px': 1.7123897255359344}, {'i': 0, 'j': 5, 'count': 24, 'median_px': 5.5621340592245145, 'p90_px': 7.986861298977881}, {'i': 6, 'j': 7, 'count': 37, 'median_px': 1.7399398356391873, 'p90_px': 2.6134733136075483}, {'i': 6, 'j': 11, 'count': 27, 'median_px': 1.7881064174838845, 'p90_px': 4.335925452274154}, {'i': 12, 'j': 13, 'count': 29, 'median_px': 0.7295837679179041, 'p90_px': 2.637399090728914}, {'i': 12, 'j': 17, 'count': 14, 'median_px': 11.473512804050277, 'p90_px': 14.492763697633132}, {'i': 18, 'j': 19, 'count': 19, 'median_px': 18.023338105190696, 'p90_px': 21.504072957261613}, {'i': 24, 'j': 25, 'count': 20, 'median_px': 5.989116937867136, 'p90_px': 7.985287851789535}, {'i': 24, 'j': 29, 'count': 3, 'median_px': 7.940182739475699, 'p90_px': 8.884705629360505}, {'i': 30, 'j': 31, 'count': 174, 'median_px': 9.278928342566385, 'p90_px': 12.638788444525387}, {'i': 30, 'j': 35, 'count': 137, 'median_px': 4.8501911690537876, 'p90_px': 5.467816544221613}, {'i': 36, 'j': 37, 'count': 153, 'median_px': 0.6191676793781922, 'p90_px': 1.0423399580863673}, {'i': 36, 'j': 41, 'count': 101, 'median_px': 4.143871141085293, 'p90_px': 21.08257161491584}, {'i': 42, 'j': 43, 'count': 161, 'median_px': 5.642105918220359, 'p90_px': 15.30947340932193}, {'i': 42, 'j': 47, 'count': 50, 'median_px': 32.01979816349629, 'p90_px': 41.72181084519856}, {'i': 46, 'j': 47, 'count': 122, 'median_px': 2.361014000025288, 'p90_px': 7.116805591168916}, {'i': 47, 'j': 48, 'count': 181, 'median_px': 4.029204194123284, 'p90_px': 8.12337029585496}], 'correspondences': 1300, 'median_px': 4.356579047913167, 'p90_px': 14.5062674617024, 'gate': False}, 'B_sensor_vipe': {'pairs': [{'i': 0, 'j': 1, 'count': 59, 'median_px': 5.422233445912778, 'p90_px': 7.119580330397622}, {'i': 0, 'j': 5, 'count': 35, 'median_px': 21.289306891249467, 'p90_px': 26.768819583634635}, {'i': 6, 'j': 7, 'count': 48, 'median_px': 8.804794522727827, 'p90_px': 10.355280350356837}, {'i': 6, 'j': 11, 'count': 37, 'median_px': 13.04878259670671, 'p90_px': 13.931150413291013}, {'i': 12, 'j': 13, 'count': 34, 'median_px': 6.661433030030023, 'p90_px': 7.265933738485392}, {'i': 12, 'j': 17, 'count': 19, 'median_px': 16.929888142086778, 'p90_px': 19.3956861490866}, {'i': 18, 'j': 19, 'count': 16, 'median_px': 20.079667940122334, 'p90_px': 25.858138453487214}, {'i': 24, 'j': 25, 'count': 19, 'median_px': 8.994862486679747, 'p90_px': 10.62748180282281}, {'i': 24, 'j': 29, 'count': 5, 'median_px': 80.9318630878468, 'p90_px': 94.35478435916049}, {'i': 30, 'j': 31, 'count': 172, 'median_px': 18.313570928722143, 'p90_px': 29.96726259925256}, {'i': 30, 'j': 35, 'count': 133, 'median_px': 9.486583398427406, 'p90_px': 12.284235074314674}, {'i': 36, 'j': 37, 'count': 156, 'median_px': 3.3583912899600277, 'p90_px': 4.69847852703341}, {'i': 36, 'j': 41, 'count': 103, 'median_px': 15.373324823136866, 'p90_px': 39.565720296451026}, {'i': 42, 'j': 43, 'count': 168, 'median_px': 37.77728195466228, 'p90_px': 69.61112655412273}, {'i': 42, 'j': 47, 'count': 52, 'median_px': 56.25276817404606, 'p90_px': 72.40364856271546}, {'i': 46, 'j': 47, 'count': 128, 'median_px': 5.1325790752820115, 'p90_px': 12.159012880374458}, {'i': 47, 'j': 48, 'count': 185, 'median_px': 4.962327431402561, 'p90_px': 9.704695233035055}], 'correspondences': 1369, 'median_px': 10.089121185467722, 'p90_px': 38.19395299928676, 'gate': False}, 'C_sensor_tcp_official': {'pairs': [{'i': 0, 'j': 1, 'count': 59, 'median_px': 7.440130674160641, 'p90_px': 8.374925446688927}, {'i': 0, 'j': 5, 'count': 35, 'median_px': 26.83197518695733, 'p90_px': 28.81960901240737}, {'i': 6, 'j': 7, 'count': 48, 'median_px': 6.192016269805574, 'p90_px': 7.805038415695456}, {'i': 6, 'j': 11, 'count': 37, 'median_px': 23.67705543823838, 'p90_px': 27.232407498535117}, {'i': 12, 'j': 13, 'count': 34, 'median_px': 5.479169478622794, 'p90_px': 6.718284520871517}, {'i': 12, 'j': 17, 'count': 19, 'median_px': 19.018089657832096, 'p90_px': 20.69773159902625}, {'i': 18, 'j': 19, 'count': 16, 'median_px': 9.759080909642552, 'p90_px': 11.169171196549655}, {'i': 24, 'j': 25, 'count': 19, 'median_px': 13.367101187560207, 'p90_px': 13.779438887558799}, {'i': 24, 'j': 29, 'count': 5, 'median_px': 137.98198859206002, 'p90_px': 146.95733688757457}, {'i': 30, 'j': 31, 'count': 172, 'median_px': 0.21104798738813713, 'p90_px': 0.28613425950027555}, {'i': 30, 'j': 35, 'count': 133, 'median_px': 14.472260227831118, 'p90_px': 17.316342154484342}, {'i': 36, 'j': 37, 'count': 156, 'median_px': 8.504412614887164, 'p90_px': 9.132383822542115}, {'i': 36, 'j': 41, 'count': 103, 'median_px': 39.82081811714738, 'p90_px': 42.57806432451782}, {'i': 42, 'j': 43, 'count': 168, 'median_px': 6.495925511024149, 'p90_px': 7.065842465052792}, {'i': 42, 'j': 47, 'count': 52, 'median_px': 35.87869810637715, 'p90_px': 41.50339844902805}, {'i': 46, 'j': 47, 'count': 128, 'median_px': 2.2752614943333267, 'p90_px': 5.510041428236886}, {'i': 47, 'j': 48, 'count': 185, 'median_px': 3.211931586503144, 'p90_px': 6.194649378521448}], 'correspondences': 1369, 'median_px': 6.979960212954466, 'p90_px': 35.47946893029305, 'gate': False}} handeye 0.4963716769521012
wrist_1 geometry {'A_vipe_full': {'pairs': [{'i': 0, 'j': 1, 'count': 197, 'median_px': 1.2692973138156995, 'p90_px': 2.844943615134306}, {'i': 0, 'j': 5, 'count': 45, 'median_px': 7.777279117519178, 'p90_px': 18.703867841863286}, {'i': 6, 'j': 7, 'count': 158, 'median_px': 1.4268987656035221, 'p90_px': 3.3015938820202755}, {'i': 6, 'j': 11, 'count': 75, 'median_px': 5.480598158631545, 'p90_px': 8.283420569424123}, {'i': 12, 'j': 13, 'count': 4, 'median_px': 1.1577422846828, 'p90_px': 1.8865935428599356}, {'i': 18, 'j': 19, 'count': 5, 'median_px': 2.721863977280824, 'p90_px': 4.005001814006031}, {'i': 24, 'j': 25, 'count': 10, 'median_px': 1.4959555646993663, 'p90_px': 2.4363895846250765}, {'i': 24, 'j': 29, 'count': 9, 'median_px': 6.550360205961628, 'p90_px': 7.691325254336194}, {'i': 30, 'j': 31, 'count': 17, 'median_px': 0.21972870588877097, 'p90_px': 0.27766473178612966}, {'i': 30, 'j': 35, 'count': 17, 'median_px': 9.29419861697414, 'p90_px': 10.353859179235954}, {'i': 36, 'j': 37, 'count': 59, 'median_px': 5.726876803518884, 'p90_px': 6.968913519460998}, {'i': 36, 'j': 41, 'count': 29, 'median_px': 8.073952378972884, 'p90_px': 10.135074147258035}, {'i': 42, 'j': 43, 'count': 50, 'median_px': 3.5304180891545602, 'p90_px': 3.9496445454228266}, {'i': 42, 'j': 47, 'count': 19, 'median_px': 19.971907234604036, 'p90_px': 22.384933221502752}, {'i': 46, 'j': 47, 'count': 179, 'median_px': 1.7579554401261777, 'p90_px': 2.5229967550553356}, {'i': 47, 'j': 48, 'count': 238, 'median_px': 3.288045663356131, 'p90_px': 4.983661263975114}], 'correspondences': 1111, 'median_px': 2.4579867547182035, 'p90_px': 7.054307954098666, 'gate': True}, 'B_sensor_vipe': {'pairs': [{'i': 0, 'j': 1, 'count': 191, 'median_px': 3.1230061240033606, 'p90_px': 4.921961707959044}, {'i': 0, 'j': 5, 'count': 43, 'median_px': 10.932667514703642, 'p90_px': 23.239300800010678}, {'i': 6, 'j': 7, 'count': 152, 'median_px': 1.7272111682231448, 'p90_px': 3.5873119359194425}, {'i': 6, 'j': 11, 'count': 72, 'median_px': 30.37812995257452, 'p90_px': 32.465454065589675}, {'i': 12, 'j': 13, 'count': 7, 'median_px': 5.4269488483852735, 'p90_px': 7.204280100977275}, {'i': 18, 'j': 19, 'count': 8, 'median_px': 1.7992316281526652, 'p90_px': 3.8121226259884495}, {'i': 24, 'j': 25, 'count': 17, 'median_px': 32.00540737936904, 'p90_px': 33.93028229458902}, {'i': 24, 'j': 29, 'count': 14, 'median_px': 75.1866378942174, 'p90_px': 79.4644497919987}, {'i': 30, 'j': 31, 'count': 30, 'median_px': 1.4615283910183432, 'p90_px': 1.7647956293300262}, {'i': 30, 'j': 35, 'count': 30, 'median_px': 63.17795323787216, 'p90_px': 76.47033197569496}, {'i': 36, 'j': 37, 'count': 62, 'median_px': 50.46801239272827, 'p90_px': 56.29051395601068}, {'i': 36, 'j': 41, 'count': 29, 'median_px': 69.96028828486472, 'p90_px': 72.08759593260044}, {'i': 42, 'j': 43, 'count': 50, 'median_px': 25.207918094261217, 'p90_px': 27.24919973569492}, {'i': 42, 'j': 47, 'count': 19, 'median_px': 174.28142158476038, 'p90_px': 185.74099591849304}, {'i': 46, 'j': 47, 'count': 163, 'median_px': 18.092211680322237, 'p90_px': 22.083928011434736}, {'i': 47, 'j': 48, 'count': 225, 'median_px': 38.63602920756602, 'p90_px': 50.11519724195006}], 'correspondences': 1112, 'median_px': 20.676097035221275, 'p90_px': 52.31527316756726, 'gate': False}, 'C_sensor_tcp_official': {'pairs': [{'i': 0, 'j': 1, 'count': 191, 'median_px': 1.8820496011307302, 'p90_px': 4.114712624392347}, {'i': 0, 'j': 5, 'count': 43, 'median_px': 1.7035077974817319, 'p90_px': 3.8249269663148984}, {'i': 6, 'j': 7, 'count': 152, 'median_px': 1.2157868341123146, 'p90_px': 2.823437070484345}, {'i': 6, 'j': 11, 'count': 72, 'median_px': 1.953895211898065, 'p90_px': 3.0100175591340914}, {'i': 12, 'j': 13, 'count': 7, 'median_px': 2.6914179470622512, 'p90_px': 2.8672621765341995}, {'i': 18, 'j': 19, 'count': 8, 'median_px': 1.5103572024164729, 'p90_px': 5.393377892479568}, {'i': 24, 'j': 25, 'count': 17, 'median_px': 3.386435179316868, 'p90_px': 3.957595897986725}, {'i': 24, 'j': 29, 'count': 14, 'median_px': 5.5346189042069565, 'p90_px': 7.006473630465587}, {'i': 30, 'j': 31, 'count': 30, 'median_px': 0.17062822854613613, 'p90_px': 0.183204438931099}, {'i': 30, 'j': 35, 'count': 30, 'median_px': 1.1760065249738632, 'p90_px': 4.053435052902541}, {'i': 36, 'j': 37, 'count': 62, 'median_px': 0.4267794932497556, 'p90_px': 0.894417769548911}, {'i': 36, 'j': 41, 'count': 29, 'median_px': 0.894232100196353, 'p90_px': 2.2726947104940627}, {'i': 42, 'j': 43, 'count': 50, 'median_px': 2.298866893419943, 'p90_px': 2.56287654940033}, {'i': 42, 'j': 47, 'count': 19, 'median_px': 4.2147096095015595, 'p90_px': 4.766320900451181}, {'i': 46, 'j': 47, 'count': 163, 'median_px': 0.6010403925099748, 'p90_px': 0.9426658287919168}, {'i': 47, 'j': 48, 'count': 225, 'median_px': 1.45544157818014, 'p90_px': 2.1608544065675135}], 'correspondences': 1112, 'median_px': 1.29441284901971, 'p90_px': 3.104700697094479, 'gate': True}} handeye 0.5135487882583863
/mnt/f/AIRI_task/molmo-motion/data_generation/third_party/vipe/track-filter-smooth.py:185: RuntimeWarning: All-NaN slice encountered
  e[:, n] = np.nanmedian(dev_stack, axis=0)
  [Trust] Using 16 anchors (median speed range: 0.011747 to 0.012738)
  [Trust] Weight stats (visible frames): median=0.368, mean=0.401, <0.3: 1822/5000 (36.4%)
[2026-10-03 06:15:33] Step 2 done: dropping 2/100 tracks (2.0%)
  Mean trust weight: median=0.404, σ=0.0346
  Threshold: mean_w < 0.334 (z>2)
  Dropped tracks: mean_w range [0.325, 0.328]
  [2026-10-03 06:15:43] Step 3: iter 0/100, pin=0.0000, dyn=38.4258, reg=0.000000, |d|_max=0.050000
  [2026-10-03 06:15:43] Step 3: iter 25/100, pin=57.8954, dyn=35.7265, reg=0.000020, |d|_max=0.043120
  [2026-10-03 06:15:43] Step 3: iter 50/100, pin=14.6886, dyn=35.0616, reg=0.000006, |d|_max=0.042972
  [2026-10-03 06:15:43] Step 3: iter 75/100, pin=9.3456, dyn=34.8310, reg=0.000004, |d|_max=0.037071
  [2026-10-03 06:15:43] Step 3: iter 99/100, pin=7.9935, dyn=34.9052, reg=0.000003, |d|_max=0.037646
[2026-10-03 06:15:43] Step 3 done: median |d| = 0.001097
  Good frames (w>0.8): median|d|=0.001032, max|d|=0.006170
  Bad frames  (w<0.3): median|d|=0.001312, max|d|=0.037646
  [Trust] Using 16 anchors (median speed range: 0.007542 to 0.013834)
  [Trust] Weight stats (visible frames): median=0.368, mean=0.382, <0.3: 934/2512 (37.2%)
[2026-10-03 06:15:44] Step 2 done: dropping 6/100 tracks (6.0%)
  Mean trust weight: median=0.385, σ=0.0303
  Threshold: mean_w < 0.324 (z>2)
  [2026-10-03 06:15:44] Step 3: iter 0/100, pin=0.0000, dyn=11.7842, reg=0.000000, |d|_max=0.050000
  [2026-10-03 06:15:44] Step 3: iter 25/100, pin=16.3820, dyn=10.6746, reg=0.000006, |d|_max=0.041801
  [2026-10-03 06:15:44] Step 3: iter 50/100, pin=2.1634, dyn=10.8208, reg=0.000001, |d|_max=0.041275
  [2026-10-03 06:15:44] Step 3: iter 75/100, pin=2.3189, dyn=10.7626, reg=0.000001, |d|_max=0.038332
  [2026-10-03 06:15:44] Step 3: iter 99/100, pin=2.0974, dyn=10.7013, reg=0.000001, |d|_max=0.040158
[2026-10-03 06:15:44] Step 3 done: median |d| = 0.000235
  Good frames (w>0.8): median|d|=0.000000, max|d|=0.007587
  Bad frames  (w<0.3): median|d|=0.000316, max|d|=0.040158
  [Trust] Using 16 anchors (median speed range: 0.007875 to 0.010482)
  [Trust] Weight stats (visible frames): median=0.368, mean=0.382, <0.3: 945/2512 (37.6%)
[2026-10-03 06:15:44] Step 2 done: dropping 6/100 tracks (6.0%)
  Mean trust weight: median=0.382, σ=0.0352
  Threshold: mean_w < 0.312 (z>2)
  [2026-10-03 06:15:44] Step 3: iter 0/100, pin=0.0000, dyn=0.3595, reg=0.000000, |d|_max=0.050000
  [2026-10-03 06:15:44] Step 3: iter 25/100, pin=16.2182, dyn=0.9059, reg=0.000007, |d|_max=0.039989
  [2026-10-03 06:15:44] Step 3: iter 50/100, pin=3.6138, dyn=0.4059, reg=0.000001, |d|_max=0.018789
  [2026-10-03 06:15:44] Step 3: iter 75/100, pin=3.4190, dyn=0.3829, reg=0.000001, |d|_max=0.008781
  [2026-10-03 06:15:44] Step 3: iter 99/100, pin=1.2904, dyn=0.3457, reg=0.000000, |d|_max=0.008389
[2026-10-03 06:15:44] Step 3 done: median |d| = 0.000245
  Good frames (w>0.8): median|d|=0.000000, max|d|=0.004009
  Bad frames  (w<0.3): median|d|=0.000158, max|d|=0.008389
Traceback (most recent call last):
  File "/mnt/f/AIRI_task/molmo-motion/scripts/fmb_wrist_geometry.py", line 232, in <module>
    for camera in a.cameras:{'diagnose':diagnose,'export':export}[a.stage](camera)
                            ^^^^^^^^^^^^^^^^^^^^^^^^^^^^^^^^^^^^^^^^^^^^^^^^^^^^^^
  File "/mnt/f/AIRI_task/molmo-motion/scripts/fmb_wrist_geometry.py", line 179, in export
    if len(ids)!=24:raise RuntimeError(f'Only {len(ids)} common valid points across A/B/C, cannot silently reduce scope')
                    ^^^^^^^^^^^^^^^^^^^^^^^^^^^^^^^^^^^^^^^^^^^^^^^^^^^^^^^^^^^^^^^^^^^^^^^^^^^^^^^^^^^^^^^^^^^^^^^^^^^^^
RuntimeError: Only 13 common valid points across A/B/C, cannot silently reduce scope
