/mnt/f/AIRI_task/.venv-vipe/lib/python3.11/site-packages/numpy/lib/_nanfunctions_impl.py:1997: RuntimeWarning: Degrees of freedom <= 0 for slice.
  var = nanvar(a, axis=axis, dtype=dtype, out=out, ddof=ddof,
wrist_2 geometry {'A_vipe_full': {'pairs': [{'i': 0, 'j': 1, 'count': 48, 'median_px': 0.9483904207722955, 'p90_px': 1.7123897255359344}, {'i': 0, 'j': 5, 'count': 24, 'median_px': 5.5621340592245145, 'p90_px': 7.986861298977881}, {'i': 6, 'j': 7, 'count': 37, 'median_px': 1.7399398356391873, 'p90_px': 2.6134733136075483}, {'i': 6, 'j': 11, 'count': 27, 'median_px': 1.7881064174838845, 'p90_px': 4.335925452274154}, {'i': 12, 'j': 13, 'count': 29, 'median_px': 0.7295837679179041, 'p90_px': 2.637399090728914}, {'i': 12, 'j': 17, 'count': 14, 'median_px': 11.473512804050277, 'p90_px': 14.492763697633132}, {'i': 18, 'j': 19, 'count': 19, 'median_px': 18.023338105190696, 'p90_px': 21.504072957261613}, {'i': 24, 'j': 25, 'count': 20, 'median_px': 5.989116937867136, 'p90_px': 7.985287851789535}, {'i': 24, 'j': 29, 'count': 3, 'median_px': 7.940182739475699, 'p90_px': 8.884705629360505}, {'i': 30, 'j': 31, 'count': 174, 'median_px': 9.278928342566385, 'p90_px': 12.638788444525387}, {'i': 30, 'j': 35, 'count': 137, 'median_px': 4.8501911690537876, 'p90_px': 5.467816544221613}, {'i': 36, 'j': 37, 'count': 153, 'median_px': 0.6191676793781922, 'p90_px': 1.0423399580863673}, {'i': 36, 'j': 41, 'count': 101, 'median_px': 4.143871141085293, 'p90_px': 21.08257161491584}, {'i': 42, 'j': 43, 'count': 161, 'median_px': 5.642105918220359, 'p90_px': 15.30947340932193}, {'i': 42, 'j': 47, 'count': 50, 'median_px': 32.01979816349629, 'p90_px': 41.72181084519856}, {'i': 46, 'j': 47, 'count': 122, 'median_px': 2.361014000025288, 'p90_px': 7.116805591168916}, {'i': 47, 'j': 48, 'count': 181, 'median_px': 4.029204194123284, 'p90_px': 8.12337029585496}], 'correspondences': 1300, 'median_px': 4.356579047913167, 'p90_px': 14.5062674617024, 'gate': False}, 'B_sensor_vipe': {'pairs': [{'i': 0, 'j': 1, 'count': 59, 'median_px': 5.422233445912778, 'p90_px': 7.119580330397622}, {'i': 0, 'j': 5, 'count': 35, 'median_px': 21.289306891249467, 'p90_px': 26.768819583634635}, {'i': 6, 'j': 7, 'count': 48, 'median_px': 8.804794522727827, 'p90_px': 10.355280350356837}, {'i': 6, 'j': 11, 'count': 37, 'median_px': 13.04878259670671, 'p90_px': 13.931150413291013}, {'i': 12, 'j': 13, 'count': 34, 'median_px': 6.661433030030023, 'p90_px': 7.265933738485392}, {'i': 12, 'j': 17, 'count': 19, 'median_px': 16.929888142086778, 'p90_px': 19.3956861490866}, {'i': 18, 'j': 19, 'count': 16, 'median_px': 20.079667940122334, 'p90_px': 25.858138453487214}, {'i': 24, 'j': 25, 'count': 19, 'median_px': 8.994862486679747, 'p90_px': 10.62748180282281}, {'i': 24, 'j': 29, 'count': 5, 'median_px': 80.9318630878468, 'p90_px': 94.35478435916049}, {'i': 30, 'j': 31, 'count': 172, 'median_px': 18.313570928722143, 'p90_px': 29.96726259925256}, {'i': 30, 'j': 35, 'count': 133, 'median_px': 9.486583398427406, 'p90_px': 12.284235074314674}, {'i': 36, 'j': 37, 'count': 156, 'median_px': 3.3583912899600277, 'p90_px': 4.69847852703341}, {'i': 36, 'j': 41, 'count': 103, 'median_px': 15.373324823136866, 'p90_px': 39.565720296451026}, {'i': 42, 'j': 43, 'count': 168, 'median_px': 37.77728195466228, 'p90_px': 69.61112655412273}, {'i': 42, 'j': 47, 'count': 52, 'median_px': 56.25276817404606, 'p90_px': 72.40364856271546}, {'i': 46, 'j': 47, 'count': 128, 'median_px': 5.1325790752820115, 'p90_px': 12.159012880374458}, {'i': 47, 'j': 48, 'count': 185, 'median_px': 4.962327431402561, 'p90_px': 9.704695233035055}], 'correspondences': 1369, 'median_px': 10.089121185467722, 'p90_px': 38.19395299928676, 'gate': False}, 'C_sensor_tcp_official': {'pairs': [{'i': 0, 'j': 1, 'count': 59, 'median_px': 0.9060281760576795, 'p90_px': 1.4548406641367722}, {'i': 0, 'j': 5, 'count': 35, 'median_px': 0.567000969556526, 'p90_px': 1.0285429783736069}, {'i': 6, 'j': 7, 'count': 48, 'median_px': 0.22389672801724889, 'p90_px': 0.5002998232919434}, {'i': 6, 'j': 11, 'count': 37, 'median_px': 1.2102915833905585, 'p90_px': 1.773707855838988}, {'i': 12, 'j': 13, 'count': 34, 'median_px': 0.20797199391573212, 'p90_px': 0.3303432016762768}, {'i': 12, 'j': 17, 'count': 19, 'median_px': 1.35207570663927, 'p90_px': 2.7136316487424033}, {'i': 18, 'j': 19, 'count': 16, 'median_px': 4.447924247523753, 'p90_px': 5.180330809363722}, {'i': 24, 'j': 25, 'count': 19, 'median_px': 5.2723365309917325, 'p90_px': 7.370480065830257}, {'i': 24, 'j': 29, 'count': 5, 'median_px': 104.71363157173892, 'p90_px': 106.65640028374999}, {'i': 30, 'j': 31, 'count': 172, 'median_px': 0.2549898153686913, 'p90_px': 0.3641524440921606}, {'i': 30, 'j': 35, 'count': 133, 'median_px': 0.9901107774756007, 'p90_px': 1.24128526539324}, {'i': 36, 'j': 37, 'count': 156, 'median_px': 1.8809103673115604, 'p90_px': 4.080663554350079}, {'i': 36, 'j': 41, 'count': 103, 'median_px': 1.726408301791248, 'p90_px': 3.0814598631667462}, {'i': 42, 'j': 43, 'count': 168, 'median_px': 0.6511578272931586, 'p90_px': 1.6954129733606114}, {'i': 42, 'j': 47, 'count': 52, 'median_px': 2.4935900354627174, 'p90_px': 3.8901067812443544}, {'i': 46, 'j': 47, 'count': 128, 'median_px': 1.574413265018283, 'p90_px': 3.210572025825626}, {'i': 47, 'j': 48, 'count': 185, 'median_px': 0.4678425775650069, 'p90_px': 0.7132206867149833}], 'correspondences': 1369, 'median_px': 0.7999820678781121, 'p90_px': 3.0562551674227008, 'gate': True}} handeye 0.4963716769521012
wrist_1 geometry {'A_vipe_full': {'pairs': [{'i': 0, 'j': 1, 'count': 197, 'median_px': 1.2692973138156995, 'p90_px': 2.844943615134306}, {'i': 0, 'j': 5, 'count': 45, 'median_px': 7.777279117519178, 'p90_px': 18.703867841863286}, {'i': 6, 'j': 7, 'count': 158, 'median_px': 1.4268987656035221, 'p90_px': 3.3015938820202755}, {'i': 6, 'j': 11, 'count': 75, 'median_px': 5.480598158631545, 'p90_px': 8.283420569424123}, {'i': 12, 'j': 13, 'count': 4, 'median_px': 1.1577422846828, 'p90_px': 1.8865935428599356}, {'i': 18, 'j': 19, 'count': 5, 'median_px': 2.721863977280824, 'p90_px': 4.005001814006031}, {'i': 24, 'j': 25, 'count': 10, 'median_px': 1.4959555646993663, 'p90_px': 2.4363895846250765}, {'i': 24, 'j': 29, 'count': 9, 'median_px': 6.550360205961628, 'p90_px': 7.691325254336194}, {'i': 30, 'j': 31, 'count': 17, 'median_px': 0.21972870588877097, 'p90_px': 0.27766473178612966}, {'i': 30, 'j': 35, 'count': 17, 'median_px': 9.29419861697414, 'p90_px': 10.353859179235954}, {'i': 36, 'j': 37, 'count': 59, 'median_px': 5.726876803518884, 'p90_px': 6.968913519460998}, {'i': 36, 'j': 41, 'count': 29, 'median_px': 8.073952378972884, 'p90_px': 10.135074147258035}, {'i': 42, 'j': 43, 'count': 50, 'median_px': 3.5304180891545602, 'p90_px': 3.9496445454228266}, {'i': 42, 'j': 47, 'count': 19, 'median_px': 19.971907234604036, 'p90_px': 22.384933221502752}, {'i': 46, 'j': 47, 'count': 179, 'median_px': 1.7579554401261777, 'p90_px': 2.5229967550553356}, {'i': 47, 'j': 48, 'count': 238, 'median_px': 3.288045663356131, 'p90_px': 4.983661263975114}], 'correspondences': 1111, 'median_px': 2.4579867547182035, 'p90_px': 7.054307954098666, 'gate': True}, 'B_sensor_vipe': {'pairs': [{'i': 0, 'j': 1, 'count': 191, 'median_px': 3.1230061240033606, 'p90_px': 4.921961707959044}, {'i': 0, 'j': 5, 'count': 43, 'median_px': 10.932667514703642, 'p90_px': 23.239300800010678}, {'i': 6, 'j': 7, 'count': 152, 'median_px': 1.7272111682231448, 'p90_px': 3.5873119359194425}, {'i': 6, 'j': 11, 'count': 72, 'median_px': 30.37812995257452, 'p90_px': 32.465454065589675}, {'i': 12, 'j': 13, 'count': 7, 'median_px': 5.4269488483852735, 'p90_px': 7.204280100977275}, {'i': 18, 'j': 19, 'count': 8, 'median_px': 1.7992316281526652, 'p90_px': 3.8121226259884495}, {'i': 24, 'j': 25, 'count': 17, 'median_px': 32.00540737936904, 'p90_px': 33.93028229458902}, {'i': 24, 'j': 29, 'count': 14, 'median_px': 75.1866378942174, 'p90_px': 79.4644497919987}, {'i': 30, 'j': 31, 'count': 30, 'median_px': 1.4615283910183432, 'p90_px': 1.7647956293300262}, {'i': 30, 'j': 35, 'count': 30, 'median_px': 63.17795323787216, 'p90_px': 76.47033197569496}, {'i': 36, 'j': 37, 'count': 62, 'median_px': 50.46801239272827, 'p90_px': 56.29051395601068}, {'i': 36, 'j': 41, 'count': 29, 'median_px': 69.96028828486472, 'p90_px': 72.08759593260044}, {'i': 42, 'j': 43, 'count': 50, 'median_px': 25.207918094261217, 'p90_px': 27.24919973569492}, {'i': 42, 'j': 47, 'count': 19, 'median_px': 174.28142158476038, 'p90_px': 185.74099591849304}, {'i': 46, 'j': 47, 'count': 163, 'median_px': 18.092211680322237, 'p90_px': 22.083928011434736}, {'i': 47, 'j': 48, 'count': 225, 'median_px': 38.63602920756602, 'p90_px': 50.11519724195006}], 'correspondences': 1112, 'median_px': 20.676097035221275, 'p90_px': 52.31527316756726, 'gate': False}, 'C_sensor_tcp_official': {'pairs': [{'i': 0, 'j': 1, 'count': 191, 'median_px': 1.8820496011307302, 'p90_px': 4.114712624392347}, {'i': 0, 'j': 5, 'count': 43, 'median_px': 1.7035077974817319, 'p90_px': 3.8249269663148984}, {'i': 6, 'j': 7, 'count': 152, 'median_px': 1.2157868341123146, 'p90_px': 2.823437070484345}, {'i': 6, 'j': 11, 'count': 72, 'median_px': 1.953895211898065, 'p90_px': 3.0100175591340914}, {'i': 12, 'j': 13, 'count': 7, 'median_px': 2.6914179470622512, 'p90_px': 2.8672621765341995}, {'i': 18, 'j': 19, 'count': 8, 'median_px': 1.5103572024164729, 'p90_px': 5.393377892479568}, {'i': 24, 'j': 25, 'count': 17, 'median_px': 3.386435179316868, 'p90_px': 3.957595897986725}, {'i': 24, 'j': 29, 'count': 14, 'median_px': 5.5346189042069565, 'p90_px': 7.006473630465587}, {'i': 30, 'j': 31, 'count': 30, 'median_px': 0.17062822854613613, 'p90_px': 0.183204438931099}, {'i': 30, 'j': 35, 'count': 30, 'median_px': 1.1760065249738632, 'p90_px': 4.053435052902541}, {'i': 36, 'j': 37, 'count': 62, 'median_px': 0.4267794932497556, 'p90_px': 0.894417769548911}, {'i': 36, 'j': 41, 'count': 29, 'median_px': 0.894232100196353, 'p90_px': 2.2726947104940627}, {'i': 42, 'j': 43, 'count': 50, 'median_px': 2.298866893419943, 'p90_px': 2.56287654940033}, {'i': 42, 'j': 47, 'count': 19, 'median_px': 4.2147096095015595, 'p90_px': 4.766320900451181}, {'i': 46, 'j': 47, 'count': 163, 'median_px': 0.6010403925099748, 'p90_px': 0.9426658287919168}, {'i': 47, 'j': 48, 'count': 225, 'median_px': 1.45544157818014, 'p90_px': 2.1608544065675135}], 'correspondences': 1112, 'median_px': 1.29441284901971, 'p90_px': 3.104700697094479, 'gate': True}} handeye 0.5135487882583863
/mnt/f/AIRI_task/molmo-motion/data_generation/third_party/vipe/track-filter-smooth.py:185: RuntimeWarning: All-NaN slice encountered
  e[:, n] = np.nanmedian(dev_stack, axis=0)
  [Trust] Using 16 anchors (median speed range: 0.011560 to 0.012211)
  [Trust] Weight stats (visible frames): median=0.368, mean=0.425, <0.3: 1713/5000 (34.3%)
[2026-10-03 06:22:40] Step 2 done: dropping 4/100 tracks (4.0%)
  Mean trust weight: median=0.428, σ=0.0251
  Threshold: mean_w < 0.378 (z>2)
  Dropped tracks: mean_w range [0.348, 0.375]
  [2026-10-03 06:22:50] Step 3: iter 0/100, pin=0.0000, dyn=25.8135, reg=0.000000, |d|_max=0.050000
  [2026-10-03 06:22:50] Step 3: iter 25/100, pin=58.9027, dyn=25.0194, reg=0.000016, |d|_max=0.036461
  [2026-10-03 06:22:50] Step 3: iter 50/100, pin=6.8858, dyn=24.8473, reg=0.000002, |d|_max=0.015442
  [2026-10-03 06:22:50] Step 3: iter 75/100, pin=10.7492, dyn=24.5884, reg=0.000003, |d|_max=0.013848
  [2026-10-03 06:22:50] Step 3: iter 99/100, pin=4.9988, dyn=24.6874, reg=0.000001, |d|_max=0.012724
[2026-10-03 06:22:50] Step 3 done: median |d| = 0.001123
  Good frames (w>0.8): median|d|=0.001180, max|d|=0.008687
  Bad frames  (w<0.3): median|d|=0.001249, max|d|=0.012724
  [Trust] Using 16 anchors (median speed range: 0.007585 to 0.014708)
  [Trust] Weight stats (visible frames): median=0.369, mean=0.379, <0.3: 1569/4550 (34.5%)
[2026-10-03 06:22:51] Step 2 done: dropping 3/100 tracks (3.0%)
  Mean trust weight: median=0.380, σ=0.0175
  Threshold: mean_w < 0.345 (z>2)
  Dropped tracks: mean_w range [0.309, 0.337]
  [2026-10-03 06:22:51] Step 3: iter 0/100, pin=0.0000, dyn=29.7653, reg=0.000000, |d|_max=0.050000
  [2026-10-03 06:22:51] Step 3: iter 25/100, pin=36.8179, dyn=27.1827, reg=0.000012, |d|_max=0.039537
  [2026-10-03 06:22:51] Step 3: iter 50/100, pin=6.5517, dyn=27.8948, reg=0.000002, |d|_max=0.016788
  [2026-10-03 06:22:51] Step 3: iter 75/100, pin=4.7411, dyn=27.5924, reg=0.000002, |d|_max=0.016276
  [2026-10-03 06:22:51] Step 3: iter 99/100, pin=4.3872, dyn=27.5546, reg=0.000001, |d|_max=0.016910
[2026-10-03 06:22:51] Step 3 done: median |d| = 0.000834
  Good frames (w>0.8): median|d|=0.001168, max|d|=0.007473
  Bad frames  (w<0.3): median|d|=0.000756, max|d|=0.016910
  [Trust] Using 16 anchors (median speed range: 0.007285 to 0.009415)
  [Trust] Weight stats (visible frames): median=0.369, mean=0.375, <0.3: 1621/4550 (35.6%)
[2026-10-03 06:22:51] Step 2 done: dropping 2/100 tracks (2.0%)
  Mean trust weight: median=0.371, σ=0.0179
  Threshold: mean_w < 0.336 (z>2)
  Dropped tracks: mean_w range [0.316, 0.331]
  [2026-10-03 06:22:51] Step 3: iter 0/100, pin=0.0000, dyn=2.0300, reg=0.000000, |d|_max=0.050000
  [2026-10-03 06:22:51] Step 3: iter 25/100, pin=37.9398, dyn=3.0168, reg=0.000013, |d|_max=0.031438
  [2026-10-03 06:22:51] Step 3: iter 50/100, pin=9.5605, dyn=2.1329, reg=0.000003, |d|_max=0.012317
  [2026-10-03 06:22:51] Step 3: iter 75/100, pin=5.6255, dyn=2.0116, reg=0.000001, |d|_max=0.008400
  [2026-10-03 06:22:51] Step 3: iter 99/100, pin=3.0983, dyn=1.9679, reg=0.000001, |d|_max=0.013540
[2026-10-03 06:22:51] Step 3 done: median |d| = 0.000625
  Good frames (w>0.8): median|d|=0.000699, max|d|=0.005537
  Bad frames  (w<0.3): median|d|=0.000657, max|d|=0.008981
wrist_2 frozen IDs [38, 98, 9, 37, 40, 70, 80, 39, 45, 54, 17, 28, 86, 35, 31, 88, 32, 58, 26, 11, 12, 69, 89, 41] primary C_sensor_tcp_official
/mnt/f/AIRI_task/molmo-motion/data_generation/third_party/vipe/track-filter-smooth.py:185: RuntimeWarning: All-NaN slice encountered
  e[:, n] = np.nanmedian(dev_stack, axis=0)
  [Trust] Using 16 anchors (median speed range: 0.006777 to 0.007469)
  [Trust] Weight stats (visible frames): median=0.368, mean=0.391, <0.3: 2000/5000 (40.0%)
[2026-10-03 06:22:54] Step 2 done: dropping 0/100 tracks (0.0%)
  Mean trust weight: median=0.387, σ=0.0278
  Threshold: mean_w < 0.331 (z>2)
  [2026-10-03 06:22:54] Step 3: iter 0/100, pin=0.0000, dyn=12.8744, reg=0.000000, |d|_max=0.050000
  [2026-10-03 06:22:54] Step 3: iter 25/100, pin=56.4755, dyn=12.6970, reg=0.000023, |d|_max=0.040884
  [2026-10-03 06:22:54] Step 3: iter 50/100, pin=6.1305, dyn=11.5240, reg=0.000003, |d|_max=0.037472
  [2026-10-03 06:22:55] Step 3: iter 75/100, pin=7.2932, dyn=11.6485, reg=0.000003, |d|_max=0.027086
  [2026-10-03 06:22:55] Step 3: iter 99/100, pin=6.6893, dyn=11.5282, reg=0.000002, |d|_max=0.029267
[2026-10-03 06:22:55] Step 3 done: median |d| = 0.000833
  Good frames (w>0.8): median|d|=0.000730, max|d|=0.006105
  Bad frames  (w<0.3): median|d|=0.001037, max|d|=0.029267
  [Trust] Using 16 anchors (median speed range: 0.004349 to 0.010698)
  [Trust] Weight stats (visible frames): median=0.368, mean=0.371, <0.3: 1415/4229 (33.5%)
[2026-10-03 06:22:55] Step 2 done: dropping 1/100 tracks (1.0%)
  Mean trust weight: median=0.370, σ=0.0177
  Threshold: mean_w < 0.335 (z>2)
  Dropped tracks: mean_w range [0.309, 0.309]
  [2026-10-03 06:22:55] Step 3: iter 0/100, pin=0.0000, dyn=5.6698, reg=0.000000, |d|_max=0.050000
  [2026-10-03 06:22:55] Step 3: iter 25/100, pin=30.3627, dyn=5.6469, reg=0.000011, |d|_max=0.034089
  [2026-10-03 06:22:55] Step 3: iter 50/100, pin=9.4968, dyn=5.4343, reg=0.000003, |d|_max=0.035391
  [2026-10-03 06:22:55] Step 3: iter 75/100, pin=3.7360, dyn=5.2770, reg=0.000001, |d|_max=0.025921
  [2026-10-03 06:22:55] Step 3: iter 99/100, pin=5.2871, dyn=5.2387, reg=0.000002, |d|_max=0.025427
[2026-10-03 06:22:55] Step 3 done: median |d| = 0.000485
  Good frames (w>0.8): median|d|=0.000033, max|d|=0.002837
  Bad frames  (w<0.3): median|d|=0.000594, max|d|=0.025427
  [Trust] Using 16 anchors (median speed range: 0.006826 to 0.009182)
  [Trust] Weight stats (visible frames): median=0.369, mean=0.379, <0.3: 1590/4229 (37.6%)
[2026-10-03 06:22:55] Step 2 done: dropping 4/100 tracks (4.0%)
  Mean trust weight: median=0.378, σ=0.0228
  Threshold: mean_w < 0.333 (z>2)
  Dropped tracks: mean_w range [0.305, 0.330]
  [2026-10-03 06:22:55] Step 3: iter 0/100, pin=0.0000, dyn=0.6915, reg=0.000000, |d|_max=0.050000
  [2026-10-03 06:22:55] Step 3: iter 25/100, pin=36.3261, dyn=1.8731, reg=0.000015, |d|_max=0.043248
  [2026-10-03 06:22:55] Step 3: iter 50/100, pin=8.6379, dyn=0.8521, reg=0.000002, |d|_max=0.011375
  [2026-10-03 06:22:56] Step 3: iter 75/100, pin=3.6808, dyn=0.7281, reg=0.000001, |d|_max=0.012616
  [2026-10-03 06:22:56] Step 3: iter 99/100, pin=5.6755, dyn=0.8139, reg=0.000002, |d|_max=0.013242
[2026-10-03 06:22:56] Step 3 done: median |d| = 0.000434
  Good frames (w>0.8): median|d|=0.000387, max|d|=0.011121
  Bad frames  (w<0.3): median|d|=0.000504, max|d|=0.009116
wrist_1 frozen IDs [0, 75, 88, 1, 63, 22, 60, 46, 26, 87, 69, 59, 24, 29, 97, 32, 49, 5, 39, 4, 37, 54, 38, 98] primary C_sensor_tcp_official
wrist_2 observed media complete
wrist_1 observed media complete
Observed cross-view audit {'board_bidirectional_nearest_median_mm': 154.0258843988125, 'board_bidirectional_nearest_p90_mm': 185.2076066557867, 'target_centroid_difference_mm': 196.09765441120854, 'interpretation': 'Different surfaces/partial FOV, ambiguous factory RGB K and independently estimated X; nearest-surface agreement is not shared-point accuracy'} [{'side_camera': 'side_1', 'wrist_camera': 'wrist_1', 'matched_static_board_features': 5, 'valid_depth_matches': 5, 'future_used': False, 'alignment_status': 'INSUFFICIENT_UNAMBIGUOUS_STATIC_CROSSVIEW_MATCHES', 'target_valid_centroid_frames': 48, 'target_t0_valid_depth_pixels': 3369, 'target_centroid_limitations': 'Partial contours, perspective and visible surfaces change; color centroid is an approximate independent control, not the same material IDs'}, {'side_camera': 'side_2', 'wrist_camera': 'wrist_1', 'matched_static_board_features': 0, 'valid_depth_matches': 0, 'future_used': False, 'alignment_status': 'INSUFFICIENT_UNAMBIGUOUS_STATIC_CROSSVIEW_MATCHES', 'target_valid_centroid_frames': 50, 'target_t0_valid_depth_pixels': 255, 'target_centroid_limitations': 'Partial contours, perspective and visible surfaces change; color centroid is an approximate independent control, not the same material IDs'}]
